******************************************************************************
               TMS320C6x Linker PC v8.3.3                      
******************************************************************************
>> Linked Thu May  9 14:52:01 2019

OUTPUT FILE NAME:   <FinalContestRobot2.out>
ENTRY POINT SYMBOL: "_c_int00"  address: 1181fa00


MEMORY CONFIGURATION

         name            origin    length      used     unused   attr    fill
----------------------  --------  ---------  --------  --------  ----  --------
  IROM                  11700000   00100000  00000000  00100000  R  X
  IRAM                  11800000   00038000  00035ff4  0000200c  RW X
  L3_CBA_RAM            80000000   00020000  00000000  00020000  RW X
  DDR                   c3000000   01000000  00000000  01000000  RW X


SEGMENT ALLOCATION MAP

run origin  load origin   length   init length attrs members
----------  ----------- ---------- ----------- ----- -------
11800000    11800000    00022f80   00022f80    r-x
  11800000    11800000    00022f60   00022f60    r-x .text
  11822f60    11822f60    00000020   00000020    r-- .const.1
11822f80    11822f80    0000c250   00000000    rw-
  11822f80    11822f80    0000c250   00000000    rw- .far
1182f1d0    1182f1d0    000027e0   000027e0    r--
  1182f1d0    1182f1d0    000027e0   000027e0    r-- .const.2
118319b0    118319b0    00003657   00000000    rw-
  118319b0    118319b0    00002000   00000000    rw- .stack
  118339b0    118339b0    00001184   00000000    rw- .fardata
  11834b34    11834b34    0000006c   00000000    rw- .bss
  11834ba0    11834ba0    00000467   00000000    rw- .neardata
11835008    11835008    00000038   00000000    r--
  11835008    11835008    00000038   00000000    r-- .rodata
11835040    11835040    00000144   00000144    r--
  11835040    11835040    00000144   00000144    r-- .switch
11835188    11835188    00000120   00000000    rw-
  11835188    11835188    00000120   00000000    rw- .cio
11835400    11835400    00000d50   00000d50    r-x
  11835400    11835400    00000200   00000200    r-x .vecs
  11835600    11835600    00000b50   00000b50    r-- .cinit


SECTION ALLOCATION MAP

 output                                  attributes/
section   page    origin      length       input sections
--------  ----  ----------  ----------   ----------------
.stack     0    118319b0    00002000     UNINITIALIZED
                  118319b0    00000008     boot.ae674 : boot.oe674 (.stack)
                  118319b8    00001ff8     --HOLE--

.bss       0    11834b34    0000006c     UNINITIALIZED
                  11834b34    00000004     evmomapl138_bsl.lib : evmomapl138_i2c.obj (.bss)
                  11834b38    00000004     (.common:EDMA3_0_Regs)
                  11834b3c    00000004     (.common:EDMA3_1_Regs)
                  11834b40    00000004     (.common:Image_data)
                  11834b44    00000004     (.common:LCD_Image)
                  11834b48    00000004     (.common:LCD_mem)
                  11834b4c    00000004     (.common:Linux_Image)
                  11834b50    00000004     (.common:Thres_Image)
                  11834b54    00000004     (.common:blue)
                  11834b58    00000004     (.common:c)
                  11834b5c    00000004     (.common:cbar)
                  11834b60    00000004     (.common:current)
                  11834b64    00000004     (.common:delta)
                  11834b68    00000004     (.common:green)
                  11834b6c    00000004     (.common:hue)
                  11834b70    00000004     (.common:index)
                  11834b74    00000004     (.common:k)
                  11834b78    00000004     (.common:largest_num_pixels)
                  11834b7c    00000004     (.common:largest_object)
                  11834b80    00000004     (.common:min)
                  11834b84    00000004     (.common:pic_data)
                  11834b88    00000004     (.common:ptrshrdmem)
                  11834b8c    00000004     (.common:r)
                  11834b90    00000004     (.common:rbar)
                  11834b94    00000004     (.common:red)
                  11834b98    00000004     (.common:sat)
                  11834b9c    00000004     (.common:value)

.neardata 
*          0    11834ba0    00000467     UNINITIALIZED
                  11834ba0    000002a8     user_FinalContestRobot2.obj (.neardata)
                  11834e48    000000a0     ColorVision.obj (.neardata)
                  11834ee8    00000080     COECSL_edma3.obj (.neardata)
                  11834f68    00000068     Ladar.obj (.neardata)
                  11834fd0    00000028     COECSL_mcbsp.obj (.neardata)
                  11834ff8    00000008     LCDprintf.obj (.neardata)
                  11835000    00000007     ColorLCD.obj (.neardata)

.rodata    0    11835008    00000038     UNINITIALIZED
                  11835008    00000038     FinalContestRobot2_pe674.oe674 (.rodata)

.cinit     0    11835600    00000b50     
                  11835600    000009b5     (.cinit..fardata.load) [load image, compression = rle]
                  11835fb5    00000117     (.cinit..neardata.load) [load image, compression = rle]
                  118360cc    0000003e     (.cinit..rodata.load) [load image, compression = rle]
                  1183610a    0000000b     (.cinit..far.load) [load image, compression = rle]
                  11836115    00000009     (.cinit..bss.load) [load image, compression = rle]
                  1183611e    00000002     --HOLE-- [fill = 0]
                  11836120    00000008     (__TI_handler_table)
                  11836128    00000028     (__TI_cinit_table)

.init_array 
*          0    11800000    00000000     UNINITIALIZED

.vecs      0    11835400    00000200     
                  11835400    00000200     FinalContestRobot2_pe674.oe674 (.vecs)

xdc.meta   0    11800000    00000130     COPY SECTION
                  11800000    00000130     FinalContestRobot2_pe674.oe674 (xdc.meta)

.text      0    11800000    00022f60     
                  11800000    000063a0     user_FinalContestRobot2.obj (.text)
                  118063a0    00002040     rts6740_elf.lib : _printfi.c.obj (.text:__TI_printfi)
                  118083e0    00001fc0                     : _scanfi.c.obj (.text:__TI_scanfi)
                  1180a3a0    00001f40     Ladar.obj (.text)
                  1180c2e0    00001420     ColorVision.obj (.text)
                  1180d700    00001040     evmomapl138_bsl.lib : evmomapl138.obj (.text)
                  1180e740    00000960     ColorLCD.obj (.text)
                  1180f0a0    00000920     rts6740_elf.lib : strtod.c.obj (.text:strtod)
                  1180f9c0    000008a0     ti.targets.rts6000.ae674 : System.oe674 (.text:xdc_runtime_System_doPrint__I)
                  11810260    00000780     evmomapl138_bsl.lib : evmomapl138_vpif.obj (.text)
                  118109e0    00000780     sysbios.ae674 : BIOS.obj (.text:ti_sysbios_family_c64p_Exception_handler__I)
                  11811160    00000720     MatrixMath.obj (.text)
                  11811880    00000680     COECSL_mcbsp.obj (.text)
                  11811f00    00000660     rts6740_elf.lib : _printfi.c.obj (.text:_pconv_a)
                  11812560    000005e0                     : divd.c.obj (.text:__c6xabi_divd)
                  11812b40    00000560     evmomapl138_bsl.lib : evmomapl138_i2c_gpio.obj (.text)
                  118130a0    00000560                         : evmomapl138_uart.obj (.text)
                  11813600    00000520                         : evmomapl138_i2c.obj (.text)
                  11813b20    000004c0     COECSL_edma3.obj (.text)
                  11813fe0    000004c0     rts6740_elf.lib : strtoll.c.obj (.text:strtoll)
                  118144a0    000004a0     evmomapl138_bsl.lib : evmomapl138_gpio.obj (.text)
                  11814940    00000480                         : evmomapl138_spi.obj (.text)
                  11814dc0    00000440     rts6740_elf.lib : strtoull.c.obj (.text:strtoull)
                  11815200    00000400                     : _printfi.c.obj (.text:_pconv_g)
                  11815600    00000400     user_xy.obj (.text)
                  11815a00    000003a0     rts6740_elf.lib : strtol.c.obj (.text:strtol)
                  11815da0    000003a0     sysbios.ae674 : BIOS.obj (.text:ti_sysbios_timers_timer64_Timer_Module_startup__E)
                  11816140    00000360     rts6740_elf.lib : fmodf.c.obj (.text:fmodf)
                  118164a0    00000340     sysbios.ae674 : BIOS.obj (.text:ti_sysbios_timers_timer64_Timer_deviceConfig__I)
                  118167e0    00000340     FinalContestRobot2_pe674.oe674 (.text:xdc_runtime_System_printfExtend__I)
                  11816b20    00000320     rts6740_elf.lib : cos.c.obj (.text:cos)
                  11816e40    00000320                     : fputs.c.obj (.text:fputs)
                  11817160    00000320     sysbios.ae674 : BIOS.obj (.text:ti_sysbios_knl_Semaphore_pend__E)
                  11817480    00000300     rts6740_elf.lib : strtoul.c.obj (.text:strtoul)
                  11817780    000002e0                     : sin.c.obj (.text:sin)
                  11817a60    000002e0     sysbios.ae674 : BIOS.obj (.text:ti_sysbios_timers_timer64_Timer_setPeriodMicroSecs__E)
                  11817d40    000002c0     ti.targets.rts6000.ae674 : LoggerBuf.oe674 (.text:xdc_runtime_LoggerBuf_write8__E)
                  11818000    000002a0     rts6740_elf.lib : _printfi.c.obj (.text:_pconv_e)
                  118182a0    000002a0                     : _printfi.c.obj (.text:fcvt)
                  11818540    00000280                     : divf.c.obj (.text:__c6xabi_divf)
                  118187c0    00000260                     : imath64.c.obj (.text:__c6xabi_divull)
                  11818a20    00000260                     : cosf.c.obj (.text:cosf)
                  11818c80    00000260                     : sinf.c.obj (.text:sinf)
                  11818ee0    00000260     ti.targets.rts6000.ae674 : Startup.oe674 (.text:xdc_runtime_Startup_startMods__I)
                  11819140    00000240     sysbios.ae674 : BIOS.obj (.text:ti_sysbios_family_c64p_Exception_internalHandler__I)
                  11819380    00000200     rts6740_elf.lib : _printfi.c.obj (.text:_ltostr)
                  11819580    00000200     sysbios.ae674 : c64p_Hwi_disp_always.obj (.text:_ti_sysbios_family_c64p_Hwi_dispatchAlways)
                  11819780    00000200     ti.targets.rts6000.ae674 : Error.oe674 (.text:xdc_runtime_Error_policyDefault__E)
                  11819980    000001e0     sysbios.ae674 : BIOS.obj (.text:ti_sysbios_family_c64p_Cache_block__I)
                  11819b60    000001e0                   : BIOS.obj (.text:ti_sysbios_knl_Task_checkStacks__E)
                  11819d40    000001e0     ti.targets.rts6000.ae674 : LoggerBuf.oe674 (.text:xdc_runtime_LoggerBuf_write4__E)
                  11819f20    000001e0                              : Text.oe674 (.text:xdc_runtime_Text_putSite__E)
                  1181a100    000001c0     rts6740_elf.lib : imath40.c.obj (.text:__c6xabi_divul)
                  1181a2c0    000001c0                     : fputc.c.obj (.text:fputc)
                  1181a480    000001c0                     : frexp.c.obj (.text:frexp)
                  1181a640    000001c0                     : setvbuf.c.obj (.text:setvbuf)
                  1181a800    000001c0     sysbios.ae674 : BIOS.obj (.text:ti_sysbios_heaps_HeapMem_alloc__E)
                  1181a9c0    000001a0     rts6740_elf.lib : hostrename.c.obj (.text:HOSTrename)
                  1181ab60    000001a0     LCDprintf.obj (.text)
                  1181ad00    000001a0     rts6740_elf.lib : frexpf.c.obj (.text:frexpf)
                  1181aea0    000001a0                     : ldexpf.c.obj (.text:ldexpf)
                  1181b040    000001a0     sysbios.ae674 : BIOS.obj (.text:ti_sysbios_family_c64p_Cache_getL2InitSize__I)
                  1181b1e0    000001a0                   : BIOS.obj (.text:ti_sysbios_timers_timer64_Timer_start__E)
                  1181b380    00000180     evmomapl138_bsl.lib : evmomapl138_timer.obj (.text)
                  1181b500    00000180     rts6740_elf.lib : ldexp.c.obj (.text:ldexp)
                  1181b680    00000180     sysbios.ae674 : c64p_Exception_asm.obj (.text)
                  1181b800    00000180                   : BIOS.obj (.text:ti_sysbios_knl_Task_sleep__E)
                  1181b980    00000160     rts6740_elf.lib : sscanf.c.obj (.text:_chkmbc)
                  1181bae0    00000160     sysbios.ae674 : BIOS.obj (.text:ti_sysbios_heaps_HeapMem_free__E)
                  1181bc40    00000160     ti.targets.rts6000.ae674 : Text.oe674 (.text:xdc_runtime_Text_putMod__E)
                  1181bda0    00000140     rts6740_elf.lib : _scanfi.c.obj (.text:_sproc_str)
                  1181bee0    00000140                     : _scanfi.c.obj (.text:_sproc_wstr)
                  1181c020    00000140                     : atan2f.c.obj (.text:atan2f)
                  1181c160    00000140     sysbios.ae674 : BIOS.obj (.text:ti_sysbios_family_c64p_Cache_Module_startup__E)
                  1181c2a0    00000140                   : BIOS.obj (.text:ti_sysbios_family_c64p_Cache_getL1DInitSize__I)
                  1181c3e0    00000140                   : BIOS.obj (.text:ti_sysbios_family_c64p_Cache_getL1PInitSize__I)
                  1181c520    00000140     ti.targets.rts6000.ae674 : LoggerBuf.oe674 (.text:xdc_runtime_LoggerBuf_setFilterLevel__E)
                  1181c660    00000140                              : Text.oe674 (.text:xdc_runtime_Text_putLab__E)
                  1181c7a0    00000120     boot.ae674 : autoinit.oe674 (.text:_auto_init_elf)
                  1181c8c0    00000120     rts6740_elf.lib : _printfi.c.obj (.text:_pconv_f)
                  1181c9e0    00000120                     : getdevice.c.obj (.text:getdevice)
                  1181cb00    00000120                     : sqrtf.c.obj (.text:sqrtf)
                  1181cc20    00000120     sysbios.ae674 : BIOS.obj (.text:ti_sysbios_family_c64p_Hwi_Module_startup__E)
                  1181cd40    00000120                   : BIOS.obj (.text:ti_sysbios_knl_Clock_workFunc__E)
                  1181ce60    00000120                   : BIOS.obj (.text:ti_sysbios_knl_Swi_restoreHwi__E)
                  1181cf80    00000120                   : BIOS.obj (.text:ti_sysbios_knl_Task_postInit__I)
                  1181d0a0    00000120     ti.targets.rts6000.ae674 : LoggerBuf.oe674 (.text:xdc_runtime_LoggerBuf_getFilterLevel__E)
                  1181d1c0    00000100     rts6740_elf.lib : fclose.c.obj (.text:__TI_closefile)
                  1181d2c0    00000100                     : copy_decompress_rle.c.obj (.text:__TI_decompress_rle_core)
                  1181d3c0    00000100                     : _printfi.c.obj (.text:_mcpy)
                  1181d4c0    00000100                     : atanf.c.obj (.text:atanf)
                  1181d5c0    00000100                     : atoi.c.obj (.text:atoi)
                  1181d6c0    00000100                     : fseek.c.obj (.text:fseek)
                  1181d7c0    00000100     pru.obj (.text)
                  1181d8c0    00000100     sysbios.ae674 : BIOS.obj (.text:ti_sysbios_knl_Task_schedule__I)
                  1181d9c0    00000100                   : BIOS.obj (.text:ti_sysbios_timers_timer64_Timer_initDevice__I)
                  1181dac0    00000100     ti.targets.rts6000.ae674 : Error.oe674 (.text:xdc_runtime_Error_print__E)
                  1181dbc0    00000100                              : Memory.oe674 (.text:xdc_runtime_Memory_alloc__E)
                  1181dcc0    00000100                              : Startup.oe674 (.text:xdc_runtime_Startup_exec__E)
                  1181ddc0    000000e0     rts6740_elf.lib : hostlseek.c.obj (.text:HOSTlseek)
                  1181dea0    000000e0                     : hostopen.c.obj (.text:HOSTopen)
                  1181df80    000000e0                     : hostwrite.c.obj (.text:HOSTwrite)
                  1181e060    000000e0                     : _ltoa.c.obj (.text:__TI_ltoa)
                  1181e140    000000e0                     : _io_perm.c.obj (.text:__TI_wrt_ok)
                  1181e220    000000e0                     : divi.asm.obj (.text:__divi)
                  1181e300    000000e0                     : close.c.obj (.text:close)
                  1181e3e0    000000e0                     : exit.c.obj (.text:exit)
                  1181e4c0    000000e0                     : memset.c.obj (.text:memset)
                  1181e5a0    000000e0                     : printf.c.obj (.text:printf)
                  1181e680    000000e0     sysbios.ae674 : BIOS.obj (.text:ti_sysbios_knl_Swi_runLoop__I)
                  1181e760    000000e0                   : BIOS.obj (.text:ti_sysbios_knl_Task_Module_startup__E)
                  1181e840    000000e0                   : BIOS.obj (.text:ti_sysbios_timers_timer64_Timer_startup__E)
                  1181e920    000000e0     ti.targets.rts6000.ae674 : Text.oe674 (.text:xdc_runtime_Text_visitRope2__I)
                  1181ea00    000000c0     rts6740_elf.lib : hostread.c.obj (.text:HOSTread)
                  1181eac0    000000c0                     : hostunlink.c.obj (.text:HOSTunlink)
                  1181eb80    000000c0                     : fflush.c.obj (.text:__TI_doflush)
                  1181ec40    000000c0                     : divu.asm.obj (.text:__divu)
                  1181ed00    000000c0                     : remi.asm.obj (.text:__remi)
                  1181edc0    000000c0                     : modf.c.obj (.text:modf)
                  1181ee80    000000c0     sysbios.ae674 : BIOS.obj (.text:ti_sysbios_family_c64p_Hwi_dispatchCore__I)
                  1181ef40    000000c0                   : BIOS.obj (.text:ti_sysbios_heaps_HeapMem_getStats__E)
                  1181f000    000000c0                   : BIOS.obj (.text:ti_sysbios_knl_Semaphore_post__E)
                  1181f0c0    000000c0                   : BIOS.obj (.text:ti_sysbios_knl_Swi_run__I)
                  1181f180    000000c0                   : BIOS.obj (.text:ti_sysbios_knl_Swi_schedule__I)
                  1181f240    000000c0                   : BIOS.obj (.text:ti_sysbios_knl_Task_allBlockedFunction__I)
                  1181f300    000000c0                   : BIOS.obj (.text:ti_sysbios_knl_Task_exit__E)
                  1181f3c0    000000c0                   : BIOS.obj (.text:ti_sysbios_knl_Task_startCore__E)
                  1181f480    000000c0     rts6740_elf.lib : tls.c.obj (.text:tls:init:__TI_tls_init)
                  1181f540    000000c0     ti.targets.rts6000.ae674 : Error.oe674 (.text:xdc_runtime_Error_setX__E)
                  1181f600    000000c0                              : SysMin.oe674 (.text:xdc_runtime_SysMin_abort__E)
                  1181f6c0    000000c0                              : SysMin.oe674 (.text:xdc_runtime_SysMin_flush__E)
                  1181f780    000000a0     rts6740_elf.lib : hostclose.c.obj (.text:HOSTclose)
                  1181f820    000000a0                     : fopen.c.obj (.text:__TI_cleanup)
                  1181f8c0    000000a0                     : round.c.obj (.text:__c6xabi_nround)
                  1181f960    000000a0                     : remu.asm.obj (.text:__remu)
                  1181fa00    000000a0     boot.ae674 : boot.oe674 (.text:_c_int00)
                  1181faa0    000000a0     rts6740_elf.lib : _printfi.c.obj (.text:_ecpy)
                  1181fb40    000000a0                     : getdevice.c.obj (.text:finddevice)
                  1181fbe0    000000a0                     : memcpy64.asm.obj (.text:memcpy)
                  1181fc80    000000a0     sysbios.ae674 : BIOS.obj (.text:ti_sysbios_family_c64p_Exception_Module_startup__E)
                  1181fd20    000000a0                   : BIOS.obj (.text:ti_sysbios_family_c64p_Hwi_eventMap__E)
                  1181fdc0    000000a0                   : BIOS.obj (.text:ti_sysbios_family_c64p_Hwi_getStackInfo__E)
                  1181fe60    000000a0                   : BIOS.obj (.text:ti_sysbios_gates_GateMutex_enter__E)
                  1181ff00    000000a0                   : BIOS.obj (.text:ti_sysbios_timers_timer64_Timer_stop__E)
                  1181ffa0    000000a0     ti.targets.rts6000.ae674 : SysMin.oe674 (.text:xdc_runtime_SysMin_putch__E)
                  11820040    000000a0                              : System.oe674 (.text:xdc_runtime_System_formatNum__I)
                  118200e0    000000a0                              : System.oe674 (.text:xdc_runtime_System_putchar__I)
                  11820180    000000a0                              : Text.oe674 (.text:xdc_runtime_Text_printVisFxn__I)
                  11820220    000000a0                              : Text.oe674 (.text:xdc_runtime_Text_xprintf__I)
                  118202c0    00000080     rts6740_elf.lib : trgmsg.c.obj (.text:__TI_readmsg)
                  11820340    00000080                     : llshift.c.obj (.text:__c6xabi_llshl)
                  118203c0    00000080                     : roundf.c.obj (.text:__c6xabi_roundf)
                  11820440    00000080     sysbios.ae674 : c62_TaskSupport_asm.obj (.text:_ti_sysbios_family_c62_TaskSupport_swap__E)
                  118204c0    00000080                   : BIOS.obj (.text:ti_sysbios_family_c64p_Cache_wait__E)
                  11820540    00000080                   : BIOS.obj (.text:ti_sysbios_hal_Hwi_checkStack)
                  118205c0    00000080                   : BIOS.obj (.text:ti_sysbios_hal_Hwi_initStack)
                  11820640    00000080                   : BIOS.obj (.text:ti_sysbios_heaps_HeapMem_init__I)
                  118206c0    00000080                   : BIOS.obj (.text:ti_sysbios_knl_Idle_run__E)
                  11820740    00000080                   : BIOS.obj (.text:ti_sysbios_knl_Swi_post__E)
                  118207c0    00000080                   : BIOS.obj (.text:ti_sysbios_knl_Swi_startup__E)
                  11820840    00000080                   : BIOS.obj (.text:ti_sysbios_knl_Task_processVitalTaskFlag__I)
                  118208c0    00000080                   : BIOS.obj (.text:ti_sysbios_knl_Task_restoreHwi__E)
                  11820940    00000080                   : BIOS.obj (.text:ti_sysbios_knl_Task_restore__E)
                  118209c0    00000080     FinalContestRobot2_pe674.oe674 (.text:ti_sysbios_rts_MemAlloc_alloc)
                  11820a40    00000080     rts6740_elf.lib : unlink.c.obj (.text:unlink)
                  11820ac0    00000080     ti.targets.rts6000.ae674 : LoggerBuf.oe674 (.text:xdc_runtime_LoggerBuf_Module_startup__E)
                  11820b40    00000080                              : LoggerBuf.oe674 (.text:xdc_runtime_LoggerBuf_filterOutEvent__I)
                  11820bc0    00000080                              : System.oe674 (.text:xdc_runtime_System_atexit__E)
                  11820c40    00000080                              : System.oe674 (.text:xdc_runtime_System_avprintf__E)
                  11820cc0    00000080                              : System.oe674 (.text:xdc_runtime_System_processAtExit__E)
                  11820d40    00000080                              : System.oe674 (.text:xdc_runtime_System_vprintf__E)
                  11820dc0    00000060     rts6740_elf.lib : trgmsg.c.obj (.text:__TI_writemsg)
                  11820e20    00000060                     : llshift.c.obj (.text:__c6xabi_llshru)
                  11820e80    00000060                     : imath64.c.obj (.text:__c6xabi_remull)
                  11820ee0    00000060                     : imath64.c.obj (.text:_subcull)
                  11820f40    00000060     sysbios.ae674 : c64p_Hwi_asm_switch.obj (.text:_ti_sysbios_family_c64p_Hwi_switchAndDispatch__I)
                  11820fa0    00000060                   : c64p_Hwi_asm_switch.obj (.text:_ti_sysbios_family_xxx_Hwi_switchAndRunFunc)
                  11821000    00000060     rts6740_elf.lib : lseek.c.obj (.text:lseek)
                  11821060    00000060                     : memccpy.c.obj (.text:memccpy)
                  118210c0    00000060                     : modff.c.obj (.text:modff)
                  11821120    00000060                     : sprintf.c.obj (.text:sprintf)
                  11821180    00000060                     : sscanf.c.obj (.text:sscanf)
                  118211e0    00000060                     : _scanfi.c.obj (.text:strrchr)
                  11821240    00000060     FinalContestRobot2_pe674.oe674 (.text:ti_sysbios_BIOS_atExitFunc__I)
                  118212a0    00000060     FinalContestRobot2_pe674.oe674 (.text:ti_sysbios_BIOS_errorRaiseHook__I)
                  11821300    00000060     FinalContestRobot2_pe674.oe674 (.text:ti_sysbios_BIOS_rtsLock__I)
                  11821360    00000060     FinalContestRobot2_pe674.oe674 (.text:ti_sysbios_BIOS_rtsUnlock__I)
                  118213c0    00000060     sysbios.ae674 : BIOS.obj (.text:ti_sysbios_family_c62_TaskSupport_start__E)
                  11821420    00000060                   : BIOS.obj (.text:ti_sysbios_family_c64p_Cache_marInit__I)
                  11821480    00000060                   : BIOS.obj (.text:ti_sysbios_family_c64p_Cache_setMar__E)
                  118214e0    00000060     FinalContestRobot2_pe674.oe674 (.text:ti_sysbios_heaps_HeapMem_Object__get__S)
                  11821540    00000060     sysbios.ae674 : BIOS.obj (.text:ti_sysbios_knl_Clock_Module_startup__E)
                  118215a0    00000060     FinalContestRobot2_pe674.oe674 (.text:ti_sysbios_knl_Clock_doTick__I)
                  11821600    00000060     sysbios.ae674 : BIOS.obj (.text:ti_sysbios_knl_Semaphore_pendTimeout__I)
                  11821660    00000060                   : BIOS.obj (.text:ti_sysbios_knl_Swi_Module_startup__E)
                  118216c0    00000060     FinalContestRobot2_pe674.oe674 (.text:ti_sysbios_knl_Task_Object__get__S)
                  11821720    00000060     sysbios.ae674 : BIOS.obj (.text:ti_sysbios_knl_Task_enter__I)
                  11821780    00000060                   : BIOS.obj (.text:ti_sysbios_knl_Task_unblockI__E)
                  118217e0    00000060     rts6740_elf.lib : write.c.obj (.text:write)
                  11821840    00000060     FinalContestRobot2_pe674.oe674 (.text:xdc_runtime_LoggerBuf_Object__get__S)
                  118218a0    00000060     ti.targets.rts6000.ae674 : LoggerBuf.oe674 (.text:xdc_runtime_LoggerBuf_reset__E)
                  11821900    00000060     FinalContestRobot2_pe674.oe674 (.text:xdc_runtime_SysMin_output__I)
                  11821960    00000040     rts6740_elf.lib : frcmpyd_div.c.obj (.text:__TI_frcmpyd_div)
                  118219a0    00000040                     : isinf.c.obj (.text:__c6xabi_isinf)
                  118219e0    00000040                     : _printfi.c.obj (.text:__c6xabi_isnan)
                  11821a20    00000040                     : args_main.c.obj (.text:_args_main)
                  11821a60    00000040                     : sprintf.c.obj (.text:_outs)
                  11821aa0    00000040                     : vsprintf.c.obj (.text:_outs)
                  11821ae0    00000040     sysbios.ae674 : c62_TaskSupport_asm.obj (.text:_ti_sysbios_family_c62_TaskSupport_buildTaskStack)
                  11821b20    00000040     FinalContestRobot2_pe674.oe674 (.text:free)
                  11821b60    00000040     FinalContestRobot2_pe674.oe674 (.text:ti_sysbios_BIOS_exitFunc__I)
                  11821ba0    00000040     FinalContestRobot2_pe674.oe674 (.text:ti_sysbios_BIOS_registerRTSLock__I)
                  11821be0    00000040     FinalContestRobot2_pe674.oe674 (.text:ti_sysbios_BIOS_removeRTSLock__I)
                  11821c20    00000040     FinalContestRobot2_pe674.oe674 (.text:ti_sysbios_BIOS_startFunc__I)
                  11821c60    00000040     FinalContestRobot2_pe674.oe674 (.text:ti_sysbios_family_c64p_Hwi_Module__startupDone__F)
                  11821ca0    00000040     sysbios.ae674 : BIOS.obj (.text:ti_sysbios_family_c64p_Hwi_disableInterrupt__E)
                  11821ce0    00000040                   : BIOS.obj (.text:ti_sysbios_family_c64p_Hwi_dispatchC__I)
                  11821d20    00000040                   : BIOS.obj (.text:ti_sysbios_family_c64p_Hwi_enableInterrupt__E)
                  11821d60    00000040                   : BIOS.obj (.text:ti_sysbios_family_c64p_primus_TimerSupport_enable__E)
                  11821da0    00000040                   : BIOS.obj (.text:ti_sysbios_gates_GateMutex_leave__E)
                  11821de0    00000040     FinalContestRobot2_pe674.oe674 (.text:ti_sysbios_hal_Hwi_HwiProxy_getStackInfo__E)
                  11821e20    00000040     FinalContestRobot2_pe674.oe674 (.text:ti_sysbios_knl_Clock_Module_State_clockQ)
                  11821e60    00000040     FinalContestRobot2_pe674.oe674 (.text:ti_sysbios_knl_Queue_Object__get__S)
                  11821ea0    00000040     FinalContestRobot2_pe674.oe674 (.text:ti_sysbios_knl_Swi_Object__get__S)
                  11821ee0    00000040     FinalContestRobot2_pe674.oe674 (.text:ti_sysbios_timers_timer64_Timer_Module__startupDone__F)
                  11821f20    00000040     rts6740_elf.lib : vsprintf.c.obj (.text:vsprintf)
                  11821f60    00000040                     : wcslen.c.obj (.text:wcslen)
                  11821fa0    00000040     ti.targets.rts6000.ae674 : Error.oe674 (.text:xdc_runtime_Error_check__E)
                  11821fe0    00000040                              : Error.oe674 (.text:xdc_runtime_Error_init__E)
                  11822020    00000040     FinalContestRobot2_pe674.oe674 (.text:xdc_runtime_IHeap_alloc)
                  11822060    00000040     FinalContestRobot2_pe674.oe674 (.text:xdc_runtime_IHeap_free)
                  118220a0    00000040     ti.targets.rts6000.ae674 : LoggerBuf.oe674 (.text:xdc_runtime_LoggerBuf_write0__E)
                  118220e0    00000040                              : LoggerBuf.oe674 (.text:xdc_runtime_LoggerBuf_write1__E)
                  11822120    00000040                              : LoggerBuf.oe674 (.text:xdc_runtime_LoggerBuf_write2__E)
                  11822160    00000040                              : Registry.oe674 (.text:xdc_runtime_Registry_findById__E)
                  118221a0    00000040     FinalContestRobot2_pe674.oe674 (.text:xdc_runtime_Startup_exec__I)
                  118221e0    00000040     ti.targets.rts6000.ae674 : SysMin.oe674 (.text:xdc_runtime_SysMin_Module_startup__E)
                  11822220    00000040                              : SysMin.oe674 (.text:xdc_runtime_SysMin_exit__E)
                  11822260    00000040                              : System.oe674 (.text:xdc_runtime_System_abort__E)
                  118222a0    00000040     FinalContestRobot2_pe674.oe674 (.text:xdc_runtime_System_aprintf__E)
                  118222e0    00000040     ti.targets.rts6000.ae674 : System.oe674 (.text:xdc_runtime_System_exit__E)
                  11822320    00000040     FinalContestRobot2_pe674.oe674 (.text:xdc_runtime_System_printf__E)
                  11822360    00000040     FinalContestRobot2_pe674.oe674 (.text:xdc_runtime_Text_visitRope__I)
                  118223a0    00000020     rts6740_elf.lib : errno.c.obj (.text:__c6xabi_errno_addr)
                  118223c0    00000020                     : trunc.c.obj (.text:__c6xabi_trunc)
                  118223e0    00000020                     : truncf.c.obj (.text:__c6xabi_truncf)
                  11822400    00000020                     : push.asm.obj (.text:__pop_rts)
                  11822420    00000020                     : push.asm.obj (.text:__push_rts)
                  11822440    00000020                     : sscanf.c.obj (.text:_inpchar)
                  11822460    00000020                     : _lock.c.obj (.text:_nop)
                  11822480    00000020                     : printf.c.obj (.text:_outc)
                  118224a0    00000020                     : sprintf.c.obj (.text:_outc)
                  118224c0    00000020                     : vsprintf.c.obj (.text:_outc)
                  118224e0    00000020                     : printf.c.obj (.text:_outs)
                  11822500    00000020                     : _lock.c.obj (.text:_register_lock)
                  11822520    00000020                     : _lock.c.obj (.text:_register_unlock)
                  11822540    00000020                     : signbit.c.obj (.text:_signbit)
                  11822560    00000020     sysbios.ae674 : c62_TaskSupport_asm.obj (.text:_ti_sysbios_family_c62_TaskSupport_glue)
                  11822580    00000020     rts6740_elf.lib : sscanf.c.obj (.text:_uninpchar)
                  118225a0    00000020                     : exit.c.obj (.text:abort)
                  118225c0    00000020                     : copy_decompress_none.c.obj (.text:decompress:none:__TI_decompress_none)
                  118225e0    00000020                     : copy_decompress_rle.c.obj (.text:decompress:rle24:__TI_decompress_rle24)
                  11822600    00000020     FinalContestRobot2_pe674.oe674 (.text:malloc)
                  11822620    00000020     FinalContestRobot2_pe674.oe674 (.text:ti_sysbios_BIOS_RtsGateProxy_enter__E)
                  11822640    00000020     FinalContestRobot2_pe674.oe674 (.text:ti_sysbios_BIOS_RtsGateProxy_leave__E)
                  11822660    00000020     sysbios.ae674 : BIOS.obj (.text:ti_sysbios_BIOS_linkedWithIncorrectBootLibrary__E)
                  11822680    00000020     FinalContestRobot2_pe674.oe674 (.text:ti_sysbios_BIOS_nullFunc__I)
                  118226a0    00000020     sysbios.ae674 : BIOS.obj (.text:ti_sysbios_BIOS_setThreadType__E)
                  118226c0    00000020                   : BIOS.obj (.text:ti_sysbios_BIOS_start__E)
                  118226e0    00000020     FinalContestRobot2_pe674.oe674 (.text:ti_sysbios_family_c62_TaskSupport_Module__startupDone__S)
                  11822700    00000020     sysbios.ae674 : BIOS.obj (.text:ti_sysbios_family_c62_TaskSupport_checkStack__E)
                  11822720    00000020                   : BIOS.obj (.text:ti_sysbios_family_c64p_Cache_inv__E)
                  11822740    00000020                   : BIOS.obj (.text:ti_sysbios_family_c64p_Cache_wb__E)
                  11822760    00000020     FinalContestRobot2_pe674.oe674 (.text:ti_sysbios_family_c64p_Hwi_Module__startupDone__S)
                  11822780    00000020     sysbios.ae674 : BIOS.obj (.text:ti_sysbios_family_c64p_Hwi_clearInterrupt__E)
                  118227a0    00000020                   : BIOS.obj (.text:ti_sysbios_family_c64p_Hwi_startup__E)
                  118227c0    00000020                   : BIOS.obj (.text:ti_sysbios_family_c64p_Hwi_switchFromBootStack__E)
                  118227e0    00000020                   : BIOS.obj (.text:ti_sysbios_family_c64p_TimestampProvider_Module_startup__E)
                  11822800    00000020                   : BIOS.obj (.text:ti_sysbios_family_c64p_TimestampProvider_get64__E)
                  11822820    00000020                   : BIOS.obj (.text:ti_sysbios_gates_GateHwi_enter__E)
                  11822840    00000020                   : BIOS.obj (.text:ti_sysbios_gates_GateHwi_leave__E)
                  11822860    00000020                   : BIOS.obj (.text:ti_sysbios_gates_GateHwi_query__E)
                  11822880    00000020                   : BIOS.obj (.text:ti_sysbios_gates_GateMutex_query__E)
                  118228a0    00000020     FinalContestRobot2_pe674.oe674 (.text:ti_sysbios_hal_Hwi_HwiProxy_Module__startupDone__S)
                  118228c0    00000020     FinalContestRobot2_pe674.oe674 (.text:ti_sysbios_hal_Hwi_HwiProxy_clearInterrupt__E)
                  118228e0    00000020     FinalContestRobot2_pe674.oe674 (.text:ti_sysbios_hal_Hwi_HwiProxy_disableInterrupt__E)
                  11822900    00000020     FinalContestRobot2_pe674.oe674 (.text:ti_sysbios_hal_Hwi_HwiProxy_enableInterrupt__E)
                  11822920    00000020     FinalContestRobot2_pe674.oe674 (.text:ti_sysbios_hal_Hwi_HwiProxy_startup__E)
                  11822940    00000020     FinalContestRobot2_pe674.oe674 (.text:ti_sysbios_hal_Hwi_HwiProxy_switchFromBootStack__E)
                  11822960    00000020     sysbios.ae674 : BIOS.obj (.text:ti_sysbios_hal_Hwi_Module_startup__E)
                  11822980    00000020     FinalContestRobot2_pe674.oe674 (.text:ti_sysbios_heaps_HeapMem_Module_GateProxy_enter__E)
                  118229a0    00000020     FinalContestRobot2_pe674.oe674 (.text:ti_sysbios_heaps_HeapMem_Module_GateProxy_leave__E)
                  118229c0    00000020     FinalContestRobot2_pe674.oe674 (.text:ti_sysbios_heaps_HeapMem_Module_GateProxy_query__E)
                  118229e0    00000020     sysbios.ae674 : BIOS.obj (.text:ti_sysbios_heaps_HeapMem_isBlocking__E)
                  11822a00    00000020     FinalContestRobot2_pe674.oe674 (.text:ti_sysbios_knl_Clock_TimerProxy_Module__startupDone__S)
                  11822a20    00000020     FinalContestRobot2_pe674.oe674 (.text:ti_sysbios_knl_Clock_TimerProxy_getMaxTicks__E)
                  11822a40    00000020     sysbios.ae674 : BIOS.obj (.text:ti_sysbios_knl_Clock_getTicks__E)
                  11822a60    00000020                   : BIOS.obj (.text:ti_sysbios_knl_Clock_logTick__E)
                  11822a80    00000020                   : BIOS.obj (.text:ti_sysbios_knl_Idle_loop__E)
                  11822aa0    00000020                   : BIOS.obj (.text:ti_sysbios_knl_Queue_empty__E)
                  11822ac0    00000020                   : BIOS.obj (.text:ti_sysbios_knl_Swi_disable__E)
                  11822ae0    00000020     FinalContestRobot2_pe674.oe674 (.text:ti_sysbios_knl_Task_SupportProxy_Module__startupDone__S)
                  11822b00    00000020     FinalContestRobot2_pe674.oe674 (.text:ti_sysbios_knl_Task_SupportProxy_checkStack__E)
                  11822b20    00000020     FinalContestRobot2_pe674.oe674 (.text:ti_sysbios_knl_Task_SupportProxy_start__E)
                  11822b40    00000020     FinalContestRobot2_pe674.oe674 (.text:ti_sysbios_knl_Task_SupportProxy_swap__E)
                  11822b60    00000020     sysbios.ae674 : BIOS.obj (.text:ti_sysbios_knl_Task_disable__E)
                  11822b80    00000020                   : BIOS.obj (.text:ti_sysbios_knl_Task_sleepTimeout__I)
                  11822ba0    00000020                   : BIOS.obj (.text:ti_sysbios_knl_Task_startup__E)
                  11822bc0    00000020     FinalContestRobot2_pe674.oe674 (.text:ti_sysbios_timers_timer64_Timer_Module__startupDone__S)
                  11822be0    00000020     FinalContestRobot2_pe674.oe674 (.text:ti_sysbios_timers_timer64_Timer_TimerSupportProxy_enable__E)
                  11822c00    00000020     sysbios.ae674 : BIOS.obj (.text:ti_sysbios_timers_timer64_Timer_getMaxTicks__E)
                  11822c20    00000020     FinalContestRobot2_pe674.oe674 (.text:xdc_iargToPtr)
                  11822c40    00000020     ti.targets.rts6000.ae674 : Error.oe674 (.text:xdc_runtime_Error_getSite__E)
                  11822c60    00000020                              : Error.oe674 (.text:xdc_runtime_Error_raiseX__E)
                  11822c80    00000020                              : Gate.oe674 (.text:xdc_runtime_Gate_enterSystem__E)
                  11822ca0    00000020                              : Gate.oe674 (.text:xdc_runtime_Gate_leaveSystem__E)
                  11822cc0    00000020     FinalContestRobot2_pe674.oe674 (.text:xdc_runtime_LoggerBuf_Module_GateProxy_enter__E)
                  11822ce0    00000020     FinalContestRobot2_pe674.oe674 (.text:xdc_runtime_LoggerBuf_Module_GateProxy_leave__E)
                  11822d00    00000020     FinalContestRobot2_pe674.oe674 (.text:xdc_runtime_LoggerBuf_TimestampProxy_get64__E)
                  11822d20    00000020     ti.targets.rts6000.ae674 : LoggerBuf.oe674 (.text:xdc_runtime_LoggerBuf_disable__E)
                  11822d40    00000020                              : LoggerBuf.oe674 (.text:xdc_runtime_LoggerBuf_enable__E)
                  11822d60    00000020     FinalContestRobot2_pe674.oe674 (.text:xdc_runtime_Memory_HeapProxy_alloc__E)
                  11822d80    00000020     FinalContestRobot2_pe674.oe674 (.text:xdc_runtime_Memory_HeapProxy_free__E)
                  11822da0    00000020     ti.targets.rts6000.ae674 : Memory.oe674 (.text:xdc_runtime_Memory_free__E)
                  11822dc0    00000020                              : Memory.oe674 (.text:xdc_runtime_Memory_getMaxDefaultTypeAlign__E)
                  11822de0    00000020     FinalContestRobot2_pe674.oe674 (.text:xdc_runtime_Startup_reset__I)
                  11822e00    00000020     ti.targets.rts6000.ae674 : Startup.oe674 (.text:xdc_runtime_Startup_rtsDone__E)
                  11822e20    00000020                              : SysMin.oe674 (.text:xdc_runtime_SysMin_ready__E)
                  11822e40    00000020     FinalContestRobot2_pe674.oe674 (.text:xdc_runtime_System_Module_GateProxy_enter__E)
                  11822e60    00000020     FinalContestRobot2_pe674.oe674 (.text:xdc_runtime_System_Module_GateProxy_leave__E)
                  11822e80    00000020     ti.targets.rts6000.ae674 : System.oe674 (.text:xdc_runtime_System_Module_startup__E)
                  11822ea0    00000020     FinalContestRobot2_pe674.oe674 (.text:xdc_runtime_System_SupportProxy_abort__E)
                  11822ec0    00000020     FinalContestRobot2_pe674.oe674 (.text:xdc_runtime_System_SupportProxy_exit__E)
                  11822ee0    00000020     FinalContestRobot2_pe674.oe674 (.text:xdc_runtime_System_SupportProxy_putch__E)
                  11822f00    00000020     FinalContestRobot2_pe674.oe674 (.text:xdc_runtime_System_SupportProxy_ready__E)
                  11822f20    00000020     ti.targets.rts6000.ae674 : System.oe674 (.text:xdc_runtime_System_vsnprintf__E)
                  11822f40    00000020                              : Text.oe674 (.text:xdc_runtime_Text_ropeText__E)

.const.1   0    11822f60    00000020     
                  11822f60    00000018     ColorLCD.obj (.const:$P$T0$1)
                  11822f78    00000008     FinalContestRobot2_pe674.oe674 (.const:ti_sysbios_knl_Idle_funcList__C)

.far       0    11822f80    0000c250     UNINITIALIZED
                  11822f80    000048c0     FinalContestRobot2_pe674.oe674 (.far:taskStackSection)
                  11827840    00001000     (.common:ti_sysbios_heaps_HeapMem_Instance_State_0_buf__A)
                  11828840    00000fa0     (.common:enc0_array)
                  118297e0    00000c00     (.common:object_stats)
                  1182a3e0    00000b94     (.common:obs)
                  1182af74    0000000c     (.common:LADARps)
                  1182af80    00000578     (.common:LADARinBuffer)
                  1182b4f8    00000400     (.common:equivalency_objects)
                  1182b8f8    00000400     (.common:temp_equivalency_objects)
                  1182bcf8    000003e8     (.common:LADARangle)
                  1182c0e0    000003e8     (.common:LADARdataX)
                  1182c4c8    000003e8     (.common:LADARdataY)
                  1182c8b0    000003e8     (.common:LADARdistance)
                  1182cc98    000003e8     (.common:newLADARangle)
                  1182d080    000003e8     (.common:newLADARdataX)
                  1182d468    000003e8     (.common:newLADARdataY)
                  1182d850    000003e8     (.common:newLADARdistance)
                  1182dc38    0000039c     (.common:final_object_stats)
                  1182dfd4    00000004     --HOLE--
                  1182dfd8    00000348     (.common:boxes)
                  1182e320    00000200     (.common:xdc_runtime_LoggerBuf_Instance_State_0_entryArr__A)
                  1182e520    00000200     (.common:xdc_runtime_SysMin_Module_State_0_outbuf__A)
                  1182e720    00000190     (.common:pathCol)
                  1182e8b0    00000190     (.common:pathRow)
                  1182ea40    00000140     (.common:__TI_tmpnams)
                  1182eb80    0000012c     (.common:robotdest)
                  1182ecac    00000004     --HOLE--
                  1182ecb0    00000102     (.common:fromLinuxstring)
                  1182edb2    00000006     --HOLE--
                  1182edb8    00000102     (.common:toLinuxstring)
                  1182eeba    00000002     --HOLE--
                  1182eebc    00000034     (.common:temp)
                  1182eef0    0000000c     (.common:OPTITRACKps)
                  1182eefc    00000004     --HOLE--
                  1182ef00    0000009c     (.common:f28335recData)
                  1182ef9c    00000004     --HOLE--
                  1182efa0    0000002c     (.common:dist)
                  1182efcc    00000004     --HOLE--
                  1182efd0    0000002c     (.common:xdist)
                  1182effc    00000004     --HOLE--
                  1182f000    00000068     (.common:f28335TXData)
                  1182f068    0000002c     (.common:ydist)
                  1182f094    00000004     --HOLE--
                  1182f098    00000028     (.common:i2cdata)
                  1182f0c0    00000024     (.common:temp_3x3)
                  1182f0e4    00000004     --HOLE--
                  1182f0e8    0000001e     (.common:LADARoutBuffer)
                  1182f106    00000002     --HOLE--
                  1182f108    00000018     (.common:bluex)
                  1182f120    00000018     (.common:bluey)
                  1182f138    00000018     (.common:orangex)
                  1182f150    00000018     (.common:orangey)
                  1182f168    00000014     (.common:Optitrackdata)
                  1182f17c    0000000c     (.common:ROBOTps)
                  1182f188    0000000c     (.common:dest_mem)
                  1182f194    00000004     --HOLE--
                  1182f198    0000000c     (.common:temp_3x1)
                  1182f1a4    00000004     --HOLE--
                  1182f1a8    0000000c     (.common:ytilde)
                  1182f1b4    00000004     --HOLE--
                  1182f1b8    0000000c     (.common:z)
                  1182f1c4    00000004     --HOLE--
                  1182f1c8    00000008     (.common:parmbuf)

.const.2   0    1182f1d0    000027e0     
                  1182f1d0    000019d4     FinalContestRobot2_pe674.oe674 (.const:xdc_runtime_Text_charTab__A)
                  11830ba4    00000518     sysbios.ae674 : BIOS.obj (.const:.string)
                  118310bc    000001a0     user_FinalContestRobot2.obj (.const:.string)
                  1183125c    00000004     FinalContestRobot2_pe674.oe674 (.const:ti_sysbios_BIOS_installedErrorHook__C)
                  11831260    00000101     rts6740_elf.lib : ctype.c.obj (.const:.string:_ctypes_)
                  11831361    00000001     FinalContestRobot2_pe674.oe674 (.const:ti_sysbios_timers_timer64_Timer_localTimerBaseId__C)
                  11831362    00000002     FinalContestRobot2_pe674.oe674 (.const:ti_sysbios_family_c64p_Cache_Module__id__C)
                  11831364    00000004     FinalContestRobot2_pe674.oe674 (.const:ti_sysbios_family_c64p_Cache_EMIFA_BASE__C)
                  11831368    000000cc     FinalContestRobot2_pe674.oe674 (.const:xdc_runtime_Text_nodeTab__A)
                  11831434    00000004     FinalContestRobot2_pe674.oe674 (.const:ti_sysbios_family_c64p_Cache_EMIFA_CFG__C)
                  11831438    00000080     evmomapl138_bsl.lib : evmomapl138.obj (.const:bitval_u32)
                  118314b8    00000080     rts6740_elf.lib : strtod.c.obj (.const:digits)
                  11831538    00000058     ti.targets.rts6000.ae674 : Error.oe674 (.const:.string)
                  11831590    00000048     rts6740_elf.lib : strtod.c.obj (.const:powerof10)
                  118315d8    00000044     Ladar.obj (.const:.string)
                  1183161c    00000040     evmomapl138_bsl.lib : evmomapl138.obj (.const:.string)
                  1183165c    00000040     ti.targets.rts6000.ae674 : Text.oe674 (.const:.string)
                  1183169c    0000003c     FinalContestRobot2_pe674.oe674 (.const:xdc_runtime_LoggerBuf_Module__FXNS__C)
                  118316d8    00000030     FinalContestRobot2_pe674.oe674 (.const:xdc_runtime_Startup_sfxnTab__A)
                  11831708    0000002c     ti.targets.rts6000.ae674 : Startup.oe674 (.const:.string)
                  11831734    00000028     FinalContestRobot2_pe674.oe674 (.const:ti_sysbios_heaps_HeapMem_Module__FXNS__C)
                  1183175c    00000024     rts6740_elf.lib : _printfi.c.obj (.const:.string)
                  11831780    00000024     FinalContestRobot2_pe674.oe674 (.const:ti_sysbios_gates_GateHwi_Module__FXNS__C)
                  118317a4    00000024     FinalContestRobot2_pe674.oe674 (.const:ti_sysbios_gates_GateMutex_Module__FXNS__C)
                  118317c8    00000018     ti.targets.rts6000.ae674 : System.oe674 (.const:.string)
                  118317e0    00000018     FinalContestRobot2_pe674.oe674 (.const:xdc_runtime_Startup_sfxnRts__A)
                  118317f8    00000010     evmomapl138_bsl.lib : evmomapl138_uart.obj (.const:.string)
                  11831808    00000010     rts6740_elf.lib : _scanfi.c.obj (.const:.string)
                  11831818    00000008     FinalContestRobot2_pe674.oe674 (.const:xdc_runtime_Startup_firstFxns__A)
                  11831820    00000008     FinalContestRobot2_pe674.oe674 (.const:xdc_runtime_Startup_firstFxns__C)
                  11831828    00000008     FinalContestRobot2_pe674.oe674 (.const:xdc_runtime_Startup_lastFxns__C)
                  11831830    00000007     rts6740_elf.lib : _scanfi.c.obj (.const:.string:flit$1)
                  11831837    00000001     --HOLE-- [fill = 0]
                  11831838    00000006                     : _scanfi.c.obj (.const:.string:barr$2)
                  1183183e    00000002     FinalContestRobot2_pe674.oe674 (.const:ti_sysbios_family_c64p_Exception_Module__id__C)
                  11831840    00000004     Ladar.obj (.const:.string:$P$T0$1)
                  11831844    00000004     FinalContestRobot2_pe674.oe674 (.const:ti_sysbios_family_c64p_Cache_EMIFA_LENGTH__C)
                  11831848    00000004     FinalContestRobot2_pe674.oe674 (.const:ti_sysbios_family_c64p_Cache_EMIFB_BASE__C)
                  1183184c    00000004     FinalContestRobot2_pe674.oe674 (.const:ti_sysbios_family_c64p_Cache_EMIFB_CFG__C)
                  11831850    00000004     FinalContestRobot2_pe674.oe674 (.const:ti_sysbios_family_c64p_Cache_EMIFB_LENGTH__C)
                  11831854    00000004     FinalContestRobot2_pe674.oe674 (.const:ti_sysbios_family_c64p_Cache_EMIFC_BASE__C)
                  11831858    00000004     FinalContestRobot2_pe674.oe674 (.const:ti_sysbios_family_c64p_Cache_EMIFC_CFG__C)
                  1183185c    00000004     FinalContestRobot2_pe674.oe674 (.const:ti_sysbios_family_c64p_Cache_EMIFC_LENGTH__C)
                  11831860    00000004     FinalContestRobot2_pe674.oe674 (.const:ti_sysbios_family_c64p_Cache_E_invalidL1CacheSize__C)
                  11831864    00000004     FinalContestRobot2_pe674.oe674 (.const:ti_sysbios_family_c64p_Cache_E_invalidL2CacheSize__C)
                  11831868    00000004     FinalContestRobot2_pe674.oe674 (.const:ti_sysbios_family_c64p_Cache_MAR0_31__C)
                  1183186c    00000004     FinalContestRobot2_pe674.oe674 (.const:ti_sysbios_family_c64p_Cache_MAR128_159__C)
                  11831870    00000004     FinalContestRobot2_pe674.oe674 (.const:ti_sysbios_family_c64p_Cache_MAR160_191__C)
                  11831874    00000004     FinalContestRobot2_pe674.oe674 (.const:ti_sysbios_family_c64p_Cache_MAR192_223__C)
                  11831878    00000004     FinalContestRobot2_pe674.oe674 (.const:ti_sysbios_family_c64p_Cache_MAR224_255__C)
                  1183187c    00000004     FinalContestRobot2_pe674.oe674 (.const:ti_sysbios_family_c64p_Cache_MAR32_63__C)
                  11831880    00000004     FinalContestRobot2_pe674.oe674 (.const:ti_sysbios_family_c64p_Cache_MAR64_95__C)
                  11831884    00000004     FinalContestRobot2_pe674.oe674 (.const:ti_sysbios_family_c64p_Cache_MAR96_127__C)
                  11831888    00000004     FinalContestRobot2_pe674.oe674 (.const:ti_sysbios_family_c64p_Exception_E_exceptionMax__C)
                  1183188c    00000004     FinalContestRobot2_pe674.oe674 (.const:ti_sysbios_family_c64p_Exception_exceptionHook__C)
                  11831890    00000004     FinalContestRobot2_pe674.oe674 (.const:ti_sysbios_family_c64p_Exception_externalHook__C)
                  11831894    00000004     FinalContestRobot2_pe674.oe674 (.const:ti_sysbios_family_c64p_Exception_internalHook__C)
                  11831898    00000004     FinalContestRobot2_pe674.oe674 (.const:ti_sysbios_family_c64p_Exception_nmiHook__C)
                  1183189c    00000004     FinalContestRobot2_pe674.oe674 (.const:ti_sysbios_gates_GateMutex_Instance_State_sem__O)
                  118318a0    00000004     FinalContestRobot2_pe674.oe674 (.const:ti_sysbios_hal_Hwi_E_stackOverflow__C)
                  118318a4    00000004     FinalContestRobot2_pe674.oe674 (.const:ti_sysbios_heaps_HeapMem_E_memory__C)
                  118318a8    00000004     FinalContestRobot2_pe674.oe674 (.const:ti_sysbios_heaps_HeapMem_Module__gateObj__C)
                  118318ac    00000004     FinalContestRobot2_pe674.oe674 (.const:ti_sysbios_heaps_HeapMem_Object__count__C)
                  118318b0    00000004     FinalContestRobot2_pe674.oe674 (.const:ti_sysbios_heaps_HeapMem_Object__table__C)
                  118318b4    00000004     FinalContestRobot2_pe674.oe674 (.const:ti_sysbios_knl_Clock_Module_State_clockQ__O)
                  118318b8    00000004     FinalContestRobot2_pe674.oe674 (.const:ti_sysbios_knl_Idle_funcList__A)
                  118318bc    00000004     FinalContestRobot2_pe674.oe674 (.const:ti_sysbios_knl_Semaphore_Instance_State_pendQ__O)
                  118318c0    00000004     FinalContestRobot2_pe674.oe674 (.const:ti_sysbios_knl_Swi_Object__count__C)
                  118318c4    00000004     FinalContestRobot2_pe674.oe674 (.const:ti_sysbios_knl_Swi_Object__table__C)
                  118318c8    00000004     FinalContestRobot2_pe674.oe674 (.const:ti_sysbios_knl_Task_E_spOutOfBounds__C)
                  118318cc    00000004     FinalContestRobot2_pe674.oe674 (.const:ti_sysbios_knl_Task_E_stackOverflow__C)
                  118318d0    00000004     FinalContestRobot2_pe674.oe674 (.const:ti_sysbios_knl_Task_Module_State_inactiveQ__O)
                  118318d4    00000004     FinalContestRobot2_pe674.oe674 (.const:ti_sysbios_knl_Task_Object__count__C)
                  118318d8    00000004     FinalContestRobot2_pe674.oe674 (.const:ti_sysbios_knl_Task_Object__table__C)
                  118318dc    00000004     FinalContestRobot2_pe674.oe674 (.const:ti_sysbios_knl_Task_allBlockedFunc__C)
                  118318e0    00000004     FinalContestRobot2_pe674.oe674 (.const:ti_sysbios_knl_Task_numConstructedTasks__C)
                  118318e4    00000004     FinalContestRobot2_pe674.oe674 (.const:ti_sysbios_timers_timer64_Timer_E_cannotSupport__C)
                  118318e8    00000004     FinalContestRobot2_pe674.oe674 (.const:ti_sysbios_timers_timer64_Timer_anyMaskHigh__C)
                  118318ec    00000004     FinalContestRobot2_pe674.oe674 (.const:ti_sysbios_timers_timer64_Timer_anyMask__C)
                  118318f0    00000004     FinalContestRobot2_pe674.oe674 (.const:ti_sysbios_timers_timer64_Timer_freqDivisor__C)
                  118318f4    00000004     FinalContestRobot2_pe674.oe674 (.const:ti_sysbios_timers_timer64_Timer_numLocalTimers__C)
                  118318f8    00000004     FinalContestRobot2_pe674.oe674 (.const:ti_sysbios_timers_timer64_Timer_numTimerDevices__C)
                  118318fc    00000004     FinalContestRobot2_pe674.oe674 (.const:xdc_runtime_Assert_E_assertFailed__C)
                  11831900    00000004     FinalContestRobot2_pe674.oe674 (.const:xdc_runtime_Error_E_memory__C)
                  11831904    00000004     FinalContestRobot2_pe674.oe674 (.const:xdc_runtime_Error_Module__diagsEnabled__C)
                  11831908    00000004     FinalContestRobot2_pe674.oe674 (.const:xdc_runtime_Error_Module__diagsIncluded__C)
                  1183190c    00000004     FinalContestRobot2_pe674.oe674 (.const:xdc_runtime_Error_Module__diagsMask__C)
                  11831910    00000004     FinalContestRobot2_pe674.oe674 (.const:xdc_runtime_Error_Module__loggerFxn8__C)
                  11831914    00000004     FinalContestRobot2_pe674.oe674 (.const:xdc_runtime_Error_Module__loggerObj__C)
                  11831918    00000004     FinalContestRobot2_pe674.oe674 (.const:xdc_runtime_Error_policyFxn__C)
                  1183191c    00000004     FinalContestRobot2_pe674.oe674 (.const:xdc_runtime_Error_policy__C)
                  11831920    00000004     FinalContestRobot2_pe674.oe674 (.const:xdc_runtime_Error_raiseHook__C)
                  11831924    00000004     FinalContestRobot2_pe674.oe674 (.const:xdc_runtime_IFilterLogger_Interface__BASE__C)
                  11831928    00000004     FinalContestRobot2_pe674.oe674 (.const:xdc_runtime_IGateProvider_Interface__BASE__C)
                  1183192c    00000004     FinalContestRobot2_pe674.oe674 (.const:xdc_runtime_IHeap_Interface__BASE__C)
                  11831930    00000004     FinalContestRobot2_pe674.oe674 (.const:xdc_runtime_ILogger_Interface__BASE__C)
                  11831934    00000004     FinalContestRobot2_pe674.oe674 (.const:xdc_runtime_IModule_Interface__BASE__C)
                  11831938    00000004     FinalContestRobot2_pe674.oe674 (.const:xdc_runtime_Log_L_error__C)
                  1183193c    00000004     FinalContestRobot2_pe674.oe674 (.const:xdc_runtime_LoggerBuf_E_badLevel__C)
                  11831940    00000004     FinalContestRobot2_pe674.oe674 (.const:xdc_runtime_LoggerBuf_Module__gateObj__C)
                  11831944    00000004     FinalContestRobot2_pe674.oe674 (.const:xdc_runtime_LoggerBuf_Object__count__C)
                  11831948    00000004     FinalContestRobot2_pe674.oe674 (.const:xdc_runtime_LoggerBuf_Object__table__C)
                  1183194c    00000004     FinalContestRobot2_pe674.oe674 (.const:xdc_runtime_LoggerBuf_statusLogger__C)
                  11831950    00000004     FinalContestRobot2_pe674.oe674 (.const:xdc_runtime_Memory_defaultHeapInstance__C)
                  11831954    00000004     FinalContestRobot2_pe674.oe674 (.const:xdc_runtime_Startup_execImpl__C)
                  11831958    00000004     FinalContestRobot2_pe674.oe674 (.const:xdc_runtime_Startup_maxPasses__C)
                  1183195c    00000004     FinalContestRobot2_pe674.oe674 (.const:xdc_runtime_Startup_sfxnRts__C)
                  11831960    00000004     FinalContestRobot2_pe674.oe674 (.const:xdc_runtime_Startup_sfxnTab__C)
                  11831964    00000004     FinalContestRobot2_pe674.oe674 (.const:xdc_runtime_Startup_startModsFxn__C)
                  11831968    00000004     FinalContestRobot2_pe674.oe674 (.const:xdc_runtime_SysMin_bufSize__C)
                  1183196c    00000004     FinalContestRobot2_pe674.oe674 (.const:xdc_runtime_SysMin_outputFunc__C)
                  11831970    00000004     FinalContestRobot2_pe674.oe674 (.const:xdc_runtime_System_Module__gateObj__C)
                  11831974    00000004     FinalContestRobot2_pe674.oe674 (.const:xdc_runtime_System_abortFxn__C)
                  11831978    00000004     FinalContestRobot2_pe674.oe674 (.const:xdc_runtime_System_exitFxn__C)
                  1183197c    00000004     FinalContestRobot2_pe674.oe674 (.const:xdc_runtime_System_extendFxn__C)
                  11831980    00000004     FinalContestRobot2_pe674.oe674 (.const:xdc_runtime_System_maxAtexitHandlers__C)
                  11831984    00000004     FinalContestRobot2_pe674.oe674 (.const:xdc_runtime_Text_charTab__C)
                  11831988    00000004     FinalContestRobot2_pe674.oe674 (.const:xdc_runtime_Text_nodeTab__C)
                  1183198c    00000004     FinalContestRobot2_pe674.oe674 (.const:xdc_runtime_Text_visitRopeFxn__C)
                  11831990    00000002     FinalContestRobot2_pe674.oe674 (.const:ti_sysbios_family_c64p_Exception_useInternalBuffer__C)
                  11831992    00000002     FinalContestRobot2_pe674.oe674 (.const:ti_sysbios_hal_Hwi_Module__id__C)
                  11831994    00000002     FinalContestRobot2_pe674.oe674 (.const:ti_sysbios_heaps_HeapMem_Module__id__C)
                  11831996    00000002     FinalContestRobot2_pe674.oe674 (.const:ti_sysbios_knl_Task_Module__id__C)
                  11831998    00000002     FinalContestRobot2_pe674.oe674 (.const:ti_sysbios_timers_timer64_Timer_Module__id__C)
                  1183199a    00000002     FinalContestRobot2_pe674.oe674 (.const:ti_sysbios_timers_timer64_Timer_startupNeeded__C)
                  1183199c    00000002     FinalContestRobot2_pe674.oe674 (.const:ti_sysbios_timers_timer64_Timer_useTimer64pRegMap__C)
                  1183199e    00000002     FinalContestRobot2_pe674.oe674 (.const:xdc_runtime_Error_Module__loggerDefined__C)
                  118319a0    00000002     FinalContestRobot2_pe674.oe674 (.const:xdc_runtime_Error_maxDepth__C)
                  118319a2    00000002     FinalContestRobot2_pe674.oe674 (.const:xdc_runtime_LoggerBuf_Module__id__C)
                  118319a4    00000002     FinalContestRobot2_pe674.oe674 (.const:xdc_runtime_LoggerBuf_filterByLevel__C)
                  118319a6    00000002     FinalContestRobot2_pe674.oe674 (.const:xdc_runtime_Memory_Module__id__C)
                  118319a8    00000002     FinalContestRobot2_pe674.oe674 (.const:xdc_runtime_SysMin_flushAtExit__C)
                  118319aa    00000002     FinalContestRobot2_pe674.oe674 (.const:xdc_runtime_Text_isLoaded__C)
                  118319ac    00000002     FinalContestRobot2_pe674.oe674 (.const:xdc_runtime_Text_registryModsLastId__C)
                  118319ae    00000002     FinalContestRobot2_pe674.oe674 (.const:xdc_runtime_Text_unnamedModsLastId__C)

.fardata   0    118339b0    00001184     UNINITIALIZED
                  118339b0    0000025c     ColorVision.obj (.fardata:PRUCode)
                  11833c0c    00000004     rts6740_elf.lib : _lock.c.obj (.fardata:_lock)
                  11833c10    000001e0                     : defs.c.obj (.fardata:_ftable)
                  11833df0    000001cc     FinalContestRobot2_pe674.oe674 (.fardata:ti_sysbios_knl_Task_Object__table__V)
                  11833fbc    00000004     rts6740_elf.lib : _lock.c.obj (.fardata:_unlock)
                  11833fc0    000000c0     FinalContestRobot2_pe674.oe674 (.fardata:ti_sysbios_knl_Swi_Object__table__V)
                  11834080    000000b0     user_FinalContestRobot2.obj (.fardata:map)
                  11834130    000000b0     user_FinalContestRobot2.obj (.fardata:originalMap)
                  118341e0    000000a0     rts6740_elf.lib : write.c.obj (.fardata:_stream)
                  11834280    00000080     FinalContestRobot2_pe674.oe674 (.fardata:ti_sysbios_knl_Swi_Module_State_0_readyQ__A)
                  11834300    00000080     FinalContestRobot2_pe674.oe674 (.fardata:ti_sysbios_knl_Task_Module_State_0_readyQ__A)
                  11834380    00000078     rts6740_elf.lib : write.c.obj (.fardata:_device)
                  118343f8    00000078     FinalContestRobot2_pe674.oe674 (.fardata:ti_sysbios_family_c64p_Hwi_Object__table__V)
                  11834470    0000006c     FinalContestRobot2_pe674.oe674 (.fardata:ti_sysbios_family_c64p_Hwi_Module__state__V)
                  118344dc    00000004     rts6740_elf.lib : defs.c.obj (.fardata)
                  118344e0    00000060     FinalContestRobot2_pe674.oe674 (.fardata:ti_sysbios_timers_timer64_Timer_Module_State_0_device__A)
                  11834540    00000050     Ladar.obj (.fardata:cornersX)
                  11834590    00000050     Ladar.obj (.fardata:cornersY)
                  118345e0    00000050     FinalContestRobot2_pe674.oe674 (.fardata:ti_sysbios_timers_timer64_Timer_Object__table__V)
                  11834630    00000048     FinalContestRobot2_pe674.oe674 (.fardata:ti_sysbios_knl_Task_Module__state__V)
                  11834678    00000040     rts6740_elf.lib : cos.c.obj (.fardata:R$1)
                  118346b8    00000040                     : sin.c.obj (.fardata:R$1)
                  118346f8    00000040     FinalContestRobot2_pe674.oe674 (.fardata:ti_sysbios_gates_GateMutex_Object__table__V)
                  11834738    00000040     FinalContestRobot2_pe674.oe674 (.fardata:ti_sysbios_knl_Clock_Object__table__V)
                  11834778    00000030     FinalContestRobot2_pe674.oe674 (.fardata:ti_sysbios_family_c64p_Exception_Module__state__V)
                  118347a8    0000002c     FinalContestRobot2_pe674.oe674 (.fardata:ti_sysbios_knl_Clock_Module__state__V)
                  118347d4    00000004     rts6740_elf.lib : errno.c.obj (.fardata)
                  118347d8    00000028     FinalContestRobot2_pe674.oe674 (.fardata:ti_sysbios_hal_Hwi_Object__table__V)
                  11834800    00000024     user_FinalContestRobot2.obj (.fardata:K)
                  11834824    00000004     FinalContestRobot2_pe674.oe674 (.fardata:ti_sysbios_family_c64p_Cache_Module__state__V)
                  11834828    00000024     user_FinalContestRobot2.obj (.fardata:P_pred)
                  1183484c    00000004     FinalContestRobot2_pe674.oe674 (.fardata:ti_sysbios_family_c64p_primus_TimerSupport_Module__state__V)
                  11834850    00000024     user_FinalContestRobot2.obj (.fardata:Q)
                  11834874    00000004     FinalContestRobot2_pe674.oe674 (.fardata:xdc_runtime_Memory_Module__state__V)
                  11834878    00000024     user_FinalContestRobot2.obj (.fardata:R)
                  1183489c    00000002     FinalContestRobot2_pe674.oe674 (.fardata:xdc_runtime_Error_Module__state__V)
                  1183489e    00000002     --HOLE--
                  118348a0    00000024     user_FinalContestRobot2.obj (.fardata:S)
                  118348c4    00000004     --HOLE--
                  118348c8    00000024     user_FinalContestRobot2.obj (.fardata:S_inv)
                  118348ec    00000004     --HOLE--
                  118348f0    00000024     user_FinalContestRobot2.obj (.fardata:eye3)
                  11834914    00000024     FinalContestRobot2_pe674.oe674 (.fardata:ti_sysbios_BIOS_Module__state__V)
                  11834938    00000024     FinalContestRobot2_pe674.oe674 (.fardata:xdc_runtime_LoggerBuf_Object__table__V)
                  1183495c    00000004     --HOLE--
                  11834960    00000020     rts6740_elf.lib : atanf.c.obj (.fardata:arctan_consts$1)
                  11834980    00000020     FinalContestRobot2_pe674.oe674 (.fardata:ti_sysbios_timers_timer64_Timer_Module_State_0_gctrl__A)
                  118349a0    00000020     FinalContestRobot2_pe674.oe674 (.fardata:ti_sysbios_timers_timer64_Timer_Module_State_0_handles__A)
                  118349c0    00000020     FinalContestRobot2_pe674.oe674 (.fardata:ti_sysbios_timers_timer64_Timer_Module_State_0_intFreqs__A)
                  118349e0    00000020     FinalContestRobot2_pe674.oe674 (.fardata:xdc_runtime_Error_IgnoreBlock)
                  11834a00    0000001c     FinalContestRobot2_pe674.oe674 (.fardata:ti_sysbios_knl_Swi_Module__state__V)
                  11834a1c    00000004     --HOLE--
                  11834a20    00000018     user_FinalContestRobot2.obj (.fardata:B)
                  11834a38    00000018     user_FinalContestRobot2.obj (.fardata:PWMpos)
                  11834a50    00000018     FinalContestRobot2_pe674.oe674 (.fardata:ti_sysbios_heaps_HeapMem_Object__table__V)
                  11834a68    00000018     FinalContestRobot2_pe674.oe674 (.fardata:ti_sysbios_knl_Semaphore_Object__table__V)
                  11834a80    00000018     FinalContestRobot2_pe674.oe674 (.fardata:ti_sysbios_timers_timer64_Timer_Module__state__V)
                  11834a98    00000010     rts6740_elf.lib : cosf.c.obj (.fardata:R$1)
                  11834aa8    00000010                     : sinf.c.obj (.fardata:R$1)
                  11834ab8    00000010     FinalContestRobot2_pe674.oe674 (.fardata:xdc_runtime_System_Module_State_0_atexitHandlers__A)
                  11834ac8    0000000c     user_FinalContestRobot2.obj (.fardata:Bu)
                  11834ad4    0000000c     rts6740_elf.lib : exit.c.obj (.fardata)
                  11834ae0    0000000c     user_FinalContestRobot2.obj (.fardata:x_pred)
                  11834aec    0000000c     FinalContestRobot2_pe674.oe674 (.fardata:xdc_runtime_SysMin_Module__state__V)
                  11834af8    00000008     FinalContestRobot2_pe674.oe674 (.fardata:ti_sysbios_family_c64p_primus_TimerSupport_Module_State_0_suspSrc__A)
                  11834b00    00000008     user_FinalContestRobot2.obj (.fardata:u)
                  11834b08    00000008     FinalContestRobot2_pe674.oe674 (.fardata:xdc_runtime_Registry_Module__state__V)
                  11834b10    00000008     FinalContestRobot2_pe674.oe674 (.fardata:xdc_runtime_Startup_Module__state__V)
                  11834b18    00000008     FinalContestRobot2_pe674.oe674 (.fardata:xdc_runtime_System_Module__state__V)
                  11834b20    00000006     FinalContestRobot2_pe674.oe674 (.fardata:xdc_runtime_LoggerBuf_Module__state__V)
                  11834b26    00000002     --HOLE--
                  11834b28    00000004     FinalContestRobot2_pe674.oe674 (.fardata:ti_sysbios_gates_GateHwi_Object__table__V)
                  11834b2c    00000004     --HOLE--
                  11834b30    00000004     FinalContestRobot2_pe674.oe674 (.fardata:ti_sysbios_knl_Task_Module_State_0_idleTask__A)

.switch    0    11835040    00000144     
                  11835040    0000006c     user_FinalContestRobot2.obj (.switch:RobotControl)
                  118350ac    0000005c     rts6740_elf.lib : _scanfi.c.obj (.switch:__TI_scanfi)
                  11835108    00000038                     : _printfi.c.obj (.switch:__TI_printfi)
                  11835140    00000024     evmomapl138_bsl.lib : evmomapl138_gpio.obj (.switch:getRegisterBankAndBit)
                  11835164    00000010                         : evmomapl138_spi.obj (.switch:SPI_init)
                  11835174    00000010     ColorVision.obj (.switch:userProcessColorImageFunc_laser)

.cio       0    11835188    00000120     UNINITIALIZED
                  11835188    00000120     rts6740_elf.lib : trgmsg.c.obj (.cio)

MODULE SUMMARY

       Module                           code     ro data   rw data
       ------                           ----     -------   -------
    .\
       user_FinalContestRobot2.obj      25504    524       11184  
       Ladar.obj                        8000     72        5718   
       ColorVision.obj                  5152     16        6936   
       COECSL_edma3.obj                 1216     0         4136   
       ColorLCD.obj                     2400     24        11     
       COECSL_mcbsp.obj                 1664     0         300    
       MatrixMath.obj                   1824     0         0      
       user_xy.obj                      1024     0         0      
       LCDprintf.obj                    416      0         8      
       pru.obj                          256      0         0      
    +--+--------------------------------+--------+---------+---------+
       Total:                           47456    636       28293  
                                                                  
    C:\hzhou39_decamar2_ashwina2\SE423Repo\Contest\FinalContestRobot2\FinalContestRobot2Project\Debug\configPkg\package\cfg\
       FinalContestRobot2_pe674.oe674   4576     7529      25776  
    +--+--------------------------------+--------+---------+---------+
       Total:                           4576     7529      25776  
                                                                  
    C:/hzhou39_decamar2_ashwina2/SE423Repo/LabFiles/bsl_forSYSBIOS/lib/evmomapl138_bsl.lib
       evmomapl138.obj                  4160     192       0      
       evmomapl138_vpif.obj             1920     0         0      
       evmomapl138_uart.obj             1376     16        0      
       evmomapl138_i2c_gpio.obj         1376     0         0      
       evmomapl138_i2c.obj              1312     0         4      
       evmomapl138_gpio.obj             1184     36        0      
       evmomapl138_spi.obj              1152     16        0      
       evmomapl138_timer.obj            384      0         0      
    +--+--------------------------------+--------+---------+---------+
       Total:                           12864    260       4      
                                                                  
    C:\CCStudio_v8\bios_6_70_01_03\packages\ti\targets\rts6000\lib\boot.ae674
       autoinit.oe674                   288      0         0      
       boot.oe674                       160      0         0      
    +--+--------------------------------+--------+---------+---------+
       Total:                           448      0         0      
                                                                  
    C:\CCStudio_v8\bios_6_70_01_03\packages\ti\targets\rts6000\lib\ti.targets.rts6000.ae674
       System.oe674                     3232     24        0      
       LoggerBuf.oe674                  2400     0         0      
       Text.oe674                       1728     64        0      
       Error.oe674                      1152     88        0      
       Startup.oe674                    896      44        0      
       SysMin.oe674                     704      0         0      
       Memory.oe674                     320      0         0      
       Gate.oe674                       64       0         0      
       Registry.oe674                   64       0         0      
    +--+--------------------------------+--------+---------+---------+
       Total:                           10560    220       0      
                                                                  
    C:\CCStudio_v8\ccsv8\tools\compiler\ti-cgt-c6000_8.3.3\lib\rts6740_elf.lib
       _printfi.c.obj                   13536    92        0      
       _scanfi.c.obj                    8864     121       0      
       strtod.c.obj                     2336     200       0      
       divd.c.obj                       1504     0         0      
       strtoll.c.obj                    1216     0         0      
       strtoull.c.obj                   1088     0         0      
       strtol.c.obj                     928      0         0      
       cos.c.obj                        800      0         64     
       fmodf.c.obj                      864      0         0      
       defs.c.obj                       0        0         804    
       fputs.c.obj                      800      0         0      
       imath64.c.obj                    800      0         0      
       sin.c.obj                        736      0         64     
       strtoul.c.obj                    768      0         0      
       divf.c.obj                       640      0         0      
       cosf.c.obj                       608      0         16     
       sinf.c.obj                       608      0         16     
       sscanf.c.obj                     512      0         0      
       trgmsg.c.obj                     224      0         288    
       fputc.c.obj                      448      0         0      
       frexp.c.obj                      448      0         0      
       getdevice.c.obj                  448      0         0      
       imath40.c.obj                    448      0         0      
       setvbuf.c.obj                    448      0         0      
       frexpf.c.obj                     416      0         0      
       hostrename.c.obj                 416      0         0      
       ldexpf.c.obj                     416      0         0      
       ldexp.c.obj                      384      0         0      
       write.c.obj                      96       0         280    
       atan2f.c.obj                     320      0         0      
       atanf.c.obj                      256      0         32     
       copy_decompress_rle.c.obj        288      0         0      
       printf.c.obj                     288      0         0      
       sqrtf.c.obj                      288      0         0      
       exit.c.obj                       256      0         12     
       ctype.c.obj                      0        257       0      
       atoi.c.obj                       256      0         0      
       fclose.c.obj                     256      0         0      
       fseek.c.obj                      256      0         0      
       hostopen.c.obj                   224      0         8      
       _io_perm.c.obj                   224      0         0      
       _ltoa.c.obj                      224      0         0      
       close.c.obj                      224      0         0      
       divi.asm.obj                     224      0         0      
       hostlseek.c.obj                  224      0         0      
       hostwrite.c.obj                  224      0         0      
       llshift.c.obj                    224      0         0      
       memset.c.obj                     224      0         0      
       divu.asm.obj                     192      0         0      
       fflush.c.obj                     192      0         0      
       hostread.c.obj                   192      0         0      
       hostunlink.c.obj                 192      0         0      
       modf.c.obj                       192      0         0      
       remi.asm.obj                     192      0         0      
       sprintf.c.obj                    192      0         0      
       tls.c.obj                        192      0         0      
       fopen.c.obj                      160      0         0      
       hostclose.c.obj                  160      0         0      
       memcpy64.asm.obj                 160      0         0      
       remu.asm.obj                     160      0         0      
       round.c.obj                      160      0         0      
       vsprintf.c.obj                   160      0         0      
       roundf.c.obj                     128      0         0      
       unlink.c.obj                     128      0         0      
       _lock.c.obj                      96       0         8      
       lseek.c.obj                      96       0         0      
       memccpy.c.obj                    96       0         0      
       modff.c.obj                      96       0         0      
       args_main.c.obj                  64       0         0      
       frcmpyd_div.c.obj                64       0         0      
       isinf.c.obj                      64       0         0      
       push.asm.obj                     64       0         0      
       wcslen.c.obj                     64       0         0      
       errno.c.obj                      32       0         4      
[...]
11834cec  left_turn_Stop_threshold                                            
11834cf0  Kp_right_wall                                                       
11834cf4  Kp_front_wall                                                       
11834cf8  front_turn_velocity                                                 
11834cfc  turn_command_saturation                                             
11834d00  sharp_right_threshold                                               
11834d04  Kp_sharp_right                                                      
11834d08  left_turn_corner_threshold                                          
11834d0c  KpGyro                                                              
11834d10  data1                                                               
11834d14  data2                                                               
11834d18  data3                                                               
11834d1c  data4                                                               
11834d20  data5                                                               
11834d24  data6                                                               
11834d28  data7                                                               
11834d2c  data8                                                               
11834d30  data9                                                               
11834d34  data10                                                              
11834d38  data11                                                              
11834d3c  data12                                                              
11834d40  data13                                                              
11834d44  newWeed                                                             
11834d48  p1_old                                                              
11834d4c  p2_old                                                              
11834d50  angular_vel                                                         
11834d54  orientation                                                         
11834d58  old_angular_vel                                                     
11834d5c  p1_current                                                          
11834d60  p2_current                                                          
11834d64  v1                                                                  
11834d68  v2                                                                  
11834d6c  x                                                                   
11834d70  y                                                                   
11834d74  update_Timer                                                        
11834d78  countdown                                                           
11834d7c  astarRunning                                                        
11834d80  astarTrigger                                                        
11834d84  astarDone                                                           
11834d88  pathLen                                                             
11834d8c  pathPos                                                             
11834d90  newLVData                                                           
11834d94  newROBOTpsx                                                         
11834d98  newROBOTpsy                                                         
11834d9c  sharedROBOTpsx                                                      
11834da0  sharedROBOTpsy                                                      
11834da4  orange_found                                                        
11834da8  blue_found                                                          
11834dac  spraying                                                            
11834db0  reporting                                                           
11834db4  blue_center_x                                                       
11834db8  blue_center_y                                                       
11834dbc  blue_area                                                           
11834dc0  i                                                                   
11834dc4  orange_center_x                                                     
11834dc8  orange_center_y                                                     
11834dcc  orange_area                                                         
11834dd0  to_blue                                                             
11834dd4  blue_posx                                                           
11834dd8  blue_posy                                                           
11834ddc  sharedbluex                                                         
11834de0  sharedbluey                                                         
11834de4  to_orange                                                           
11834de8  orange_posx                                                         
11834dec  orange_posy                                                         
11834df0  sharedorangex                                                       
11834df4  sharedorangey                                                       
11834df8  ft                                                                  
11834dfc  p1                                                                  
11834e00  p2                                                                  
11834e04  p3                                                                  
11834e08  p4                                                                  
11834e0c  colorerror                                                          
11834e10  KpLight                                                             
11834e14  WeedCoolDown                                                        
11834e18  DeathSpin                                                           
11834e1c  new_flag                                                            
11834e20  DutyCycleBlue                                                       
11834e24  DutyCycleOrange                                                     
11834e28  DutyCycle                                                           
11834e2c  playing                                                             
11834e30  playflag                                                            
11834e34  whattoplay                                                          
11834e38  distthresh                                                          
11834e3c  mindist                                                             
11834e40  timecount                                                           
11834e44  whichled                                                            
11834e48  updateLCD                                                           
11834e4c  testvar                                                             
11834e50  noimagefound                                                        
11834e54  object_x                                                            
11834e58  object_y                                                            
11834e5c  blue_object_x                                                       
11834e60  blue_object_y                                                       
11834e64  orange_object_x                                                     
11834e68  orange_object_y                                                     
11834e6c  blue_numpels                                                        
11834e70  orange_numpels                                                      
11834e74  colorstate                                                          
11834e78  new_coordata                                                        
11834e7c  numpels                                                             
11834e80  new_num_found_objects                                               
11834e84  new_object_theta                                                    
11834e88  new_C20                                                             
11834e8c  new_C02                                                             
11834e90  top                                                                 
11834e94  left                                                                
11834e98  num_unique_objects                                                  
11834e9c  current_object                                                      
11834ea0  color                                                               
11834ea4  color2                                                              
11834ea8  Cdifference                                                         
11834eac  neighbor_type                                                       
11834eb0  too_many_objects                                                    
11834eb4  object_detected                                                     
11834eb8  print_hue                                                           
11834eb9  print_sat                                                           
11834eba  print_val                                                           
11834ebb  print_r                                                             
11834ebc  print_b                                                             
11834ebd  print_g                                                             
11834ec0  specs_s                                                             
11834ec4  specs_srad                                                          
11834ec8  specs_v                                                             
11834ecc  specs_vrad                                                          
11834ed0  specs_h                                                             
11834ed4  specs_h2                                                            
11834ed8  specs_hrad                                                          
11834edc  VPIF_beginning_line                                                 
11834ee0  equivalency                                                         
11834ee4  done                                                                
11834ee8  f28335RecFirsttime                                                  
11834eec  enc1                                                                
11834ef0  enc2                                                                
11834ef4  enc3                                                                
11834ef8  enc4                                                                
11834efc  compass                                                             
11834f00  switchstate                                                         
11834f04  adcA0                                                               
11834f08  adcB0                                                               
11834f0c  adcA1                                                               
11834f10  adcB1                                                               
11834f14  adcA2                                                               
11834f18  adcB2                                                               
11834f1c  adcA3                                                               
11834f20  adcB3                                                               
11834f24  adcA4                                                               
11834f28  adcB4                                                               
11834f2c  adcA5                                                               
11834f30  adcB5                                                               
11834f34  adcA6                                                               
11834f38  adcA7                                                               
11834f3c  F28335_Extra1                                                       
11834f40  F28335_Extra2                                                       
11834f44  F28335_Extra3                                                       
11834f48  F28335_Extra4                                                       
11834f4c  new_sendtolinux_F28335_Extra                                        
11834f50  send_F28335_Extra1                                                  
11834f54  send_F28335_Extra2                                                  
11834f58  send_F28335_Extra3                                                  
11834f5c  send_F28335_Extra4                                                  
11834f60  num_EDMA3_0                                                         
11834f64  numofints                                                           
11834f68  scalingLadar                                                        
11834f6c  LADARready                                                          
11834f70  LADARprocess                                                        
11834f74  uart1count                                                          
11834f78  numReadings                                                         
11834f7c  errL                                                                
11834f80  errC                                                                
11834f84  errR                                                                
11834f88  tLADARleftFt                                                        
11834f8c  tLADARcenterFt                                                      
11834f90  tLADARrightFt                                                       
11834f94  cPrevLADARdata                                                      
11834f95  cLADARdata                                                          
11834f98  iLADARrcv                                                           
11834f9c  cCommandName                                                        
11834fa0  LADARleftFt                                                         
11834fa4  LADARcenterFt                                                       
11834fa8  LADARrightFt                                                        
11834fac  numreadings_lastscan                                                
11834fb0  startAngle                                                          
11834fb4  stepSize                                                            
11834fb8  newLADARdata                                                        
11834fbc  robotX                                                              
11834fc0  robotY                                                              
11834fc4  robotT                                                              
11834fc8  tempSign                                                            
11834fcc  tempOff                                                             
11834fd0  servosPosted                                                        
11834fd4  newServos                                                           
11834fd8  McBSPrecerror                                                       
11834fdc  firsttimeintMCBSPrec                                                
11834fe0  timeint                                                             
11834fe4  mcbspReset                                                          
11834fe8  testcount                                                           
11834fec  danindex                                                            
11834ff0  firsttimeLine1                                                      
11834ff4  firsttimeLine2                                                      
11834ff8  LCDnewMsgLine1                                                      
11834ffc  LCDnewMsgLine2                                                      
11835000  bluegain                                                            
11835004  bkgrnd_red                                                          
11835005  bkgrnd_green                                                        
11835006  bkgrnd_blue                                                         
11835008  SWI_RobotControl                                                    
1183500c  CLK_addtime                                                         
11835010  CLK_startMcBSP                                                      
11835014  HWI8_EDMA3_0                                                        
11835018  SWI_LCD                                                             
1183501c  SWI_vision                                                          
11835020  HWI4_VPIF95                                                         
11835024  HWI7_PRU6                                                           
11835028  HWI5_EDMA3_1                                                        
1183502c  TASK_ComWithLinux                                                   
11835030  TASK_LADAR                                                          
11835034  task2                                                               
11835038  task3                                                               
1183503c  SEM_startAstar                                                      
11835188  __CIOBUF_                                                           
11835400  ti_sysbios_family_c64p_Hwi0                                         
11835400  ti_sysbios_family_c64p_Hwi_int0                                     
11835420  ti_sysbios_family_c64p_Hwi_int1                                     
11835440  ti_sysbios_family_c64p_Hwi_int2                                     
11835460  ti_sysbios_family_c64p_Hwi_int3                                     
11835480  ti_sysbios_family_c64p_Hwi_int4                                     
118354a0  ti_sysbios_family_c64p_Hwi_int5                                     
118354c0  ti_sysbios_family_c64p_Hwi_int6                                     
118354e0  ti_sysbios_family_c64p_Hwi_int7                                     
11835500  ti_sysbios_family_c64p_Hwi_int8                                     
11835520  ti_sysbios_family_c64p_Hwi_int9                                     
11835540  ti_sysbios_family_c64p_Hwi_int10                                    
11835560  ti_sysbios_family_c64p_Hwi_int11                                    
11835580  ti_sysbios_family_c64p_Hwi_int12                                    
118355a0  ti_sysbios_family_c64p_Hwi_int13                                    
118355c0  ti_sysbios_family_c64p_Hwi_int14                                    
118355e0  ti_sysbios_family_c64p_Hwi_int15                                    
11836120  __TI_Handler_Table_Base                                             
11836128  __TI_CINIT_Base                                                     
11836128  __TI_Handler_Table_Limit                                            
11836150  __TI_CINIT_Limit                                                    
ffffffff  __TI_pprof_out_hndl                                                 
ffffffff  __TI_prof_data_size                                                 
ffffffff  __TI_prof_data_start                                                
ffffffff  __binit__                                                           
ffffffff  __c_args__                                                          
ffffffff  binit                                                               
UNDEFED   __TI_INITARRAY_Base                                                 
UNDEFED   __TI_INITARRAY_Limit                                                
UNDEFED   __TI_TLS_INIT_Base                                                  
UNDEFED   __TI_TLS_INIT_Limit                                                 

[1041 symbols]
